// Jest Snapshot v1, https://goo.gl/fbAQLP

exports[`should render header correctly 1`] = `
<div
  className="header"
>
  <div
    className="header__menu"
  >
    <img
      alt="EOP logo"
      className="logo"
      src="eop_logo.png"
    />
  </div>
  <div
    className="main"
  >
    <div
      className="main__search"
    >
      <input
        className="filterInput"
        onChange={[Function]}
        onKeyDown={[Function]}
        placeholder="Search"
        value=""
        variant="outlined"
      />
      <svg
        aria-hidden={true}
        className="MuiSvgIcon-root"
        focusable="false"
        onClick={[Function]}
        viewBox="0 0 24 24"
      >
        <path
          d="M15.5 14h-.79l-.28-.27C15.41 12.59 16 11.11 16 9.5 16 5.91 13.09 3 9.5 3S3 5.91 3 9.5 5.91 16 9.5 16c1.61 0 3.09-.59 4.23-1.57l.27.28v.79l5 4.99L20.49 19l-4.99-5zm-6 0C7.01 14 5 11.99 5 9.5S7.01 5 9.5 5 14 7.01 14 9.5 11.99 14 9.5 14z"
        />
      </svg>
    </div>
    <div
      className="main__timeFilters"
    >
      <div
        className="MuiFormControl-root MuiTextField-root fromPicker"
        format="MMMM D, YYYY"
        onClick={[Function]}
        onKeyDown={[Function]}
      >
        <label
          className="MuiFormLabel-root MuiInputLabel-root MuiInputLabel-formControl MuiInputLabel-animated MuiInputLabel-shrink MuiFormLabel-filled"
          data-shrink={true}
        >
          From
        </label>
        <div
          className="MuiInputBase-root MuiInput-root MuiInput-underline MuiInputBase-formControl MuiInput-formControl"
          onClick={[Function]}
        >
          <input
            aria-invalid={false}
            autoFocus={false}
            className="MuiInputBase-input MuiInput-input"
            disabled={false}
            onAnimationStart={[Function]}
            onBlur={[Function]}
            onChange={[Function]}
            onFocus={[Function]}
            readOnly={true}
            required={false}
            type="text"
            value="January 1, 2021"
          />
        </div>
        
      </div>
      <div
        className="MuiFormControl-root MuiTextField-root toPicker"
        format="MMMM D, YYYY"
        onClick={[Function]}
        onKeyDown={[Function]}
      >
        <label
          className="MuiFormLabel-root MuiInputLabel-root MuiInputLabel-formControl MuiInputLabel-animated MuiInputLabel-shrink MuiFormLabel-filled"
          data-shrink={true}
        >
          To
        </label>
        <div
          className="MuiInputBase-root MuiInput-root MuiInput-underline MuiInputBase-formControl MuiInput-formControl"
          onClick={[Function]}
        >
          <input
            aria-invalid={false}
            autoFocus={false}
            className="MuiInputBase-input MuiInput-input"
            disabled={false}
            onAnimationStart={[Function]}
            onBlur={[Function]}
            onChange={[Function]}
            onFocus={[Function]}
            readOnly={true}
            required={false}
            type="text"
            value="March 25, 2021"
          />
        </div>
        
      </div>
    </div>
  </div>
</div>
`;
